
--------------------
 Graph
 Directed
 Weighted
 Vertices: 5
 Edges: 10
--------------------
  s[2]: y (7), t (6)
  t[3]: z (-4), x (5), y (8)
  x[1]: t (-2)
  y[2]: x (-3), z (9)
  z[2]: x (7), s (2)
--------------------


Shortest paths
Source: s
---------------------------------
Vertex: Parent, Distance from src
---------------------------------
  x: y, 4.00
  t: x, 2.00
  z: t, -2.00
  s: NIL, 0.00
  y: s, 7.00
---------------------------------
