2010-02-09
2013-04-06
2015-10-03
2018-06-20
2018-07-20
2019-01-05
2019-01-08
2019-01-12
2019-01-16
2019-01-28
2019-02-08
2019-02-13
2019-02-18
2019-04-06
2019-07-20
2019-08-10
2019-11-11
2020-01-14
2020-03-10
2020-10-25
2020-12-19
2021-01-19
2021-08-07
2021-11-17
2023-01-02
