09-02-2010
06-04-2013
03-10-2015
20-06-2018
20-07-2018
05-01-2019
08-01-2019
12-01-2019
16-01-2019
28-01-2019
08-02-2019
13-02-2019
18-02-2019
06-04-2019
20-07-2019
01-08-2019
11-11-2019
14-01-2020
10-03-2020
25-10-2020
19-12-2020
19-01-2021
07-08-2021
17-11-2021
02-01-2023
