Rod length: 5
Maximum revenue: 64.80
Optimal cuts: 1, 1, 1, 1, 1
