Minimum distance: 5
Stall positions: 1 6 15 20 30 35 41 50 60 65 72 88 
