12193263113702179522618503273386678859448712086533622923332237463801111263526900