Non-canonical coin system
... using DP approach

40 = 20 x 2
67 = 25 + 20 x 2 + 1 x 2
19 = 10 + 5 + 1 x 4
28 = 25 + 1 x 3
45 = 25 + 20
81 = 25 x 3 + 5 + 1
