Shifts: 8, 92, 134, 149, 196, 225, 245, 249, 289, 345, 458, 464, 467, 592, 656, 695, 1125, 1146, 1162, 1232, 1237, 1261, 1360, 1450, 1482, 1489, 1535, 1542, 1550, 1776, 1872, 1936, 1955, 1977, 1986, 2063, 2078, 2126, 2167, 2219, 2244, 2292, 2308, 2460, 2522, 2698, 2923, 2938, 2952, 2959, 2968, 2972, 3118, 3129, 3133, 3153, 3241, 3363, 3472, 3794, 4077, 4169, 4234, 4261, 4337, 4362, 4443, 4478, 4679, 4769, 4855, 4861, 4932, 5057