
--------------------
 Graph
 Undirected
 Weighted
 Vertices: 20
 Edges: 23
--------------------
  Arad[3]: Sibiu (140), Timisoara (118), Zerind (75)
  Bucharest[4]: Urziceni (85), Giurgiu (90), Pitesti (101), Fagaras (211)
  Craiova[3]: Pitesti (138), Rimnicu_Vilcea (146), Drobeta (120)
  Drobeta[2]: Craiova (120), Mehadia (75)
  Eforie[1]: Hirsova (86)
  Fagaras[2]: Bucharest (211), Sibiu (99)
  Giurgiu[1]: Bucharest (90)
  Hirsova[2]: Eforie (86), Urziceni (98)
  Iasi[2]: Neamt (87), Vaslui (92)
  Lugoj[2]: Mehadia (70), Timisoara (111)
  Mehadia[2]: Drobeta (75), Lugoj (70)
  Neamt[1]: Iasi (87)
  Oradea[2]: Sibiu (151), Zerind (71)
  Pitesti[3]: Craiova (138), Bucharest (101), Rimnicu_Vilcea (97)
  Rimnicu_Vilcea[3]: Pitesti (97), Sibiu (80), Craiova (146)
  Sibiu[4]: Oradea (151), Arad (140), Fagaras (99), Rimnicu_Vilcea (80)
  Timisoara[2]: Lugoj (111), Arad (118)
  Urziceni[3]: Hirsova (98), Vaslui (142), Bucharest (85)
  Vaslui[2]: Iasi (92), Urziceni (142)
  Zerind[2]: Arad (75), Oradea (71)
--------------------


Shortest paths
Source: Oradea
---------------------------------
Vertex: Parent, Distance from src
---------------------------------
  Neamt: Iasi, 835.00
  Lugoj: Timisoara, 375.00
  Giurgiu: Bucharest, 519.00
  Zerind: Oradea, 71.00
  Rimnicu_Vilcea: Sibiu, 231.00
  Eforie: Hirsova, 698.00
  Drobeta: Craiova, 497.00
  Sibiu: Oradea, 151.00
  Timisoara: Arad, 264.00
  Iasi: Vaslui, 748.00
  Vaslui: Urziceni, 656.00
  Bucharest: Pitesti, 429.00
  Craiova: Rimnicu_Vilcea, 377.00
  Pitesti: Rimnicu_Vilcea, 328.00
  Fagaras: Sibiu, 250.00
  Mehadia: Lugoj, 445.00
  Arad: Zerind, 146.00
  Oradea: NIL, 0.00
  Urziceni: Bucharest, 514.00
  Hirsova: Urziceni, 612.00
---------------------------------
