Min cost: 818

An optimal parenthesization:
((A1 x (A2 x (A3 x (A4 x (A5 x (A6 x (A7 x A8))))))) x (((((((((A9 x A10) x A11) x A12) x A13) x A14) x A15) x A16) x A17) x A18))
