Pattern: m
Shifts (2): 4, 0
No repeated substrings found.
Number of unique substrings: 13
Longest palindromic substring: madam
