Pattern: a
Shifts (7): 10, 0, 26, 50, 15, 31, 21
Longest repeated substrings:
  2 times:  i
  2 times:  o
  2 times: al
  2 times: is
  2 times: r 
  2 times: st
Number of unique substrings: 1842
Longest palindromic substring: aibohphobia
