Maximum sum: 54
A subarray with the maximum sum:
  9, -1, 2, 9, 4, -5, -4, 36, -10, -15, 20, 9
