LPS length: 73
LPS: 5604560568461264316408415610304651401041564030165148046134621648650654065