Closest distance: 1.484202
Found between (35.472258,2.865920) and (36.915722,2.520568)
