Closest distance: 0.275625
Found between (725.378034,1102.892238) and (725.323465,1102.622069)
