Closest distance: 0.989332
Found between (1114.324457,365.718422) and (1114.531532,366.685840)
