Max length: 20
Example LCS:
  GTCGTCGGAAGCCGGCCGAA