
--------------------
 Graph
 Directed
 Unweighted
 Vertices: 8
 Edges: 14
--------------------
  a[1]: b
  b[3]: e, c, f
  c[2]: d, g
  d[2]: c, h
  e[2]: a, f
  f[1]: g
  g[2]: f, h
  h[1]: h
--------------------


Strongly connected components
-----------------------------
1: {h}
2: {g, f}
3: {d, c}
4: {b, a, e}
-----------------------------

