
--------------------
 GRAPH
 Directed
 Weighted
 Vertices: 7
 Edges: 10
--------------------
  0[2]: 1(1), 2(1)
  1[1]: 3(4)
  2[1]: 1(1)
  3[3]: 2(-6), 4(1), 5(1)
  4[2]: 5(1), 6(3)
  5[1]: 6(1)
  6[0]
--------------------

--------------------
 Shortest paths
--------------------
0 → 1: -INF
0 → 2: -INF
0 → 3: -INF
0 → 4: -INF
0 → 5: -INF
0 → 6: -INF
1 → 0: INF
1 → 2: -INF
1 → 3: -INF
1 → 4: -INF
1 → 5: -INF
1 → 6: -INF
2 → 0: INF
2 → 1: -INF
2 → 3: -INF
2 → 4: -INF
2 → 5: -INF
2 → 6: -INF
3 → 0: INF
3 → 1: -INF
3 → 2: -INF
3 → 4: -INF
3 → 5: -INF
3 → 6: -INF
4 → 0: INF
4 → 1: INF
4 → 2: INF
4 → 3: INF
4 → 5: 1.00
  path: 4 → 5
4 → 6: 2.00
  path: 4 → 5 → 6
5 → 0: INF
5 → 1: INF
5 → 2: INF
5 → 3: INF
5 → 4: INF
5 → 6: 1.00
  path: 5 → 6
6 → 0: INF
6 → 1: INF
6 → 2: INF
6 → 3: INF
6 → 4: INF
6 → 5: INF
--------------------