Items included:
  (23,55.00)
  (18,49.90)
  (2,10.75)
  (25,72.00)
  (20,55.00)
  (10,50.30)

Total value: â‚¬ 292.95
Total weight: 98 kg
