
--------------------
 Graph
 Undirected
 Weighted
 Vertices: 10
 Edges: 18
--------------------
  A[3]: I(2.4), H(3.4), B(2.7)
  B[3]: I(2.1), C(2.6), A(2.7)
  C[5]: D(2.9), J(3.3), I(3.6), E(4.2), B(2.6)
  D[4]: G(5.3), F(2.1), E(2.2), C(2.9)
  E[3]: D(2.2), F(4.4), C(4.2)
  F[3]: D(2.1), J(2.5), E(4.4)
  G[3]: D(5.3), J(3.2), H(1.7)
  H[3]: I(1.8), A(3.4), G(1.7)
  I[5]: J(2.8), C(3.6), H(1.8), B(2.1), A(2.4)
  J[4]: F(2.5), C(3.3), G(3.2), I(2.8)
--------------------

----------------------------
MST edges in insertion order
----------------------------
  F -- D    2.10
  D -- E    2.20
  F -- J    2.50
  J -- I    2.80
  I -- H    1.80
  H -- G    1.70
  I -- B    2.10
  I -- A    2.40
  B -- C    2.60
----------------------------
  MST weight: 20.20
