OBST cost: 2.35

OBST structure:

--| K0 (2)
-| K1 (1)
--| K2 (2)
---| K3 (3)
----| K4 (4)
K5 (0)
---| K6 (3)
----| K7 (4)
--| K8 (2)
-----| K9 (5)
----| K10 (4)
------| K11 (6)
-----| K12 (5)
------| K13 (6)
---| K14 (3)
-| K15 (1)
