
--------------------
 Graph
 Directed
 Weighted
 Vertices: 6
 Edges: 10
--------------------
  r[2]: s(5), t(3)
  s[2]: t(2), x(6)
  t[3]: y(4), x(7), z(2)
  x[2]: y(-1), z(1)
  y[1]: z(-2)
  z[0]
--------------------


Shortest paths
Source: r
---------------------------------
Vertex: Parent, Distance from src
---------------------------------
  r: NIL, 0.00
  z: t, 5.00
  t: r, 3.00
  y: t, 7.00
  s: r, 5.00
  x: t, 10.00
---------------------------------
