Min jumps: 11
Path:
  0, 2, 6, 8, 10, 12, 15, 21, 23, 25, 27, 28
