Min jumps: 16
Path:
  0, 1, 4, 9, 16, 24, 26, 30, 31, 34, 41, 46, 49, 50, 53, 55, 62
