Min cuts: 2
An optimal partitioning:
  b | orro | w
