Min cuts: 3
An optimal partitioning:
  10001 | 0110 | 1111 | 00
