
--------------------
 Input Network N
 Weighted
 Vertices: 8
 Edges: 14
--------------------
  A[2]: E(1,11), G(1,2)
  B[2]: E(1,8.30), H(1,7)
  C[3]: F(1,2.10), H(1,1), G(1,11)
  D[1]: E(1,7)
  E[1]: C(1,9)
  F[2]: A(1,10), B(1,5)
  G[1]: D(1,3.50)
  H[2]: A(1,11), D(1,7)
--------------------


--------------------
 New Network N'
 Weighted
 Vertices: 10
 Edges: 22
--------------------
  A[4]: E(1,11), F(1,10), G(1,2), H(1,11)
  B[3]: E(1,8.30), F(1,5), H(1,7)
  C[4]: E(1,9), F(1,2.10), H(1,1), G(1,11)
  D[3]: E(1,7), G(1,3.50), H(1,7)
  E[1]: SINK(1,0)
  F[1]: SINK(1,0)
  G[1]: SINK(1,0)
  H[1]: SINK(1,0)
  SINK[0]
  SOURCE[4]: B(1,0), C(1,0), D(1,0), A(1,0)
--------------------

--------------------
 Matching
 Cardinality: 4
 Max cost: 36.30
--------------------
  B -- E:   8.30
  A -- F:   10
  D -- H:   7
  C -- G:   11
--------------------