Maximum number of activities: 67

Activity sequence:

Activity 13: [1, 6)
Activity 23: [6, 12)
Activity 39: [13, 18)
Activity 42: [18, 23)
Activity 67: [24, 28)
Activity 99: [28, 32)
Activity 28: [35, 40)
Activity 9: [44, 50)
Activity 38: [50, 55)
Activity 43: [58, 62)
Activity 78: [65, 70)
Activity 57: [70, 74)
Activity 49: [74, 78)
Activity 24: [79, 83)
Activity 52: [86, 91)
Activity 68: [97, 101)
Activity 22: [109, 114)
Activity 3: [114, 118)
Activity 66: [124, 128)
Activity 88: [129, 134)
Activity 96: [134, 139)
Activity 35: [140, 145)
Activity 33: [150, 156)
Activity 86: [156, 161)
Activity 69: [172, 178)
Activity 56: [178, 183)
Activity 21: [185, 190)
Activity 98: [191, 196)
Activity 8: [201, 207)
Activity 74: [207, 213)
Activity 76: [213, 219)
Activity 95: [222, 227)
Activity 59: [237, 242)
Activity 72: [244, 248)
Activity 17: [254, 258)
Activity 36: [259, 265)
Activity 48: [267, 273)
Activity 82: [275, 280)
Activity 5: [285, 290)
Activity 11: [290, 294)
Activity 75: [295, 301)
Activity 27: [302, 307)
Activity 94: [307, 313)
Activity 19: [319, 323)
Activity 30: [324, 328)
Activity 58: [345, 350)
Activity 51: [350, 355)
Activity 83: [355, 361)
Activity 85: [373, 379)
Activity 44: [379, 384)
Activity 77: [385, 391)
Activity 53: [398, 402)
Activity 7: [409, 413)
Activity 55: [413, 419)
Activity 46: [430, 434)
Activity 70: [438, 443)
Activity 63: [450, 455)
Activity 61: [463, 469)
Activity 87: [476, 481)
Activity 92: [481, 486)
Activity 91: [503, 508)
Activity 50: [512, 517)
Activity 71: [523, 529)
Activity 2: [531, 535)
Activity 20: [551, 557)
Activity 15: [564, 568)
Activity 10: [569, 574)
