--------------------
 Graph
 Directed
 Unweighted
 Vertices: 10
 Edges: 18
--------------------

   0[2]: 9, 1
   1[1]: 0
   10[2]: 3, 1
   2[2]: 3, 10
   3[2]: 2, 5
   5[2]: 6, 3
   6[3]: 3, 1, 8
   7[1]: 5
   8[1]: 6
   9[2]: 8, 0


VERTEX DISCOVERY AND FINISH TIMES
---------------------------------
Label: discovery time, finish time

   7: 1, 20
   10: 6, 15
   3: 4, 17
   8: 10, 11
   6: 3, 18
   2: 5, 16
   5: 2, 19
   1: 7, 14
   0: 8, 13
   9: 9, 12


EDGE CLASSIFICATION
-------------------
Source -> Destination: edge type

   7 -> 5:  T
   10 -> 3:  B
   10 -> 1:  T
   3 -> 2:  T
   3 -> 5:  B
   8 -> 6:  B
   6 -> 3:  T
   6 -> 1:  F
   6 -> 8:  F
   2 -> 3:  B
   2 -> 10:  T
   5 -> 6:  T
   5 -> 3:  F
   1 -> 0:  T
   0 -> 9:  T
   0 -> 1:  B
   9 -> 8:  T
   9 -> 0:  B
