
--------------------
 GRAPH
 Directed
 Unweighted
 Vertices: 7
 Edges: 9
--------------------
  a[1]: g
  b[2]: a, e
  c[1]: f
  d[3]: g, c, b
  e[1]: d
  f[1]: a
  g[0]
--------------------


--------------------
 Initial matrix
--------------------

  1  0  0  0  0  0  1
  1  1  0  0  1  0  0
  0  0  1  0  0  1  0
  0  1  1  1  0  0  1
  0  0  0  1  1  0  0
  1  0  0  0  0  1  0
  0  0  0  0  0  0  1

--------------------


--------------------
 Transitive closure
--------------------

  1  0  0  0  0  0  1
  1  1  1  1  1  1  1
  1  0  1  0  0  1  1
  1  1  1  1  1  1  1
  1  1  1  1  1  1  1
  1  0  0  0  0  1  1
  0  0  0  0  0  0  1

--------------------
